<?xml version="1.0" encoding="UTF-8"?>
<testsuites name="Jest Tests" tests="8" failures="0" errors="0" time="1.08">
  <testsuite name="GET /api/get" errors="0" failures="0" skipped="0" timestamp="2025-04-17T05:07:47" time="0.479" tests="2">
    <testcase classname="GET /api/get - should return query parameters, headers, origin, and URL" name="should return query parameters, headers, origin, and URL" time="0.004">
    </testcase>
    <testcase classname="GET /api/get - should return 405 Method Not Allowed for non-GET requests" name="should return 405 Method Not Allowed for non-GET requests" time="0.001">
    </testcase>
  </testsuite>
  <testsuite name="/api/post handler" errors="0" failures="0" skipped="0" timestamp="2025-04-17T05:07:47" time="0.079" tests="3">
    <testcase classname="/api/post handler - handles JSON payload" name="handles JSON payload" time="0.004">
    </testcase>
    <testcase classname="/api/post handler - parses form data" name="parses form data" time="0.001">
    </testcase>
    <testcase classname="/api/post handler - rejects non-POST methods" name="rejects non-POST methods" time="0.001">
    </testcase>
  </testsuite>
  <testsuite name="GET /api/status/:code" errors="0" failures="0" skipped="0" timestamp="2025-04-17T05:07:47" time="0.074" tests="2">
    <testcase classname="GET /api/status/:code - returns valid status code" name="returns valid status code" time="0.001">
    </testcase>
    <testcase classname="GET /api/status/:code - handles invalid status codes" name="handles invalid status codes" time="0">
    </testcase>
  </testsuite>
  <testsuite name="GET /api/headers" errors="0" failures="0" skipped="0" timestamp="2025-04-17T05:07:47" time="0.074" tests="1">
    <testcase classname="GET /api/headers - returns request headers" name="returns request headers" time="0.001">
    </testcase>
  </testsuite>
</testsuites>